Microchip MPLAB XC8 Compiler V2.31

Linker command line:

-W-3 --edf=C:\Program Files\Microchip\xc8\v2.31\pic\dat\en_msgs.txt \
  -pivt0x8=08h -cn -h+dist/default/production\ASSI.production.sym \
  --cmf=dist/default/production\ASSI.production.cmf -z -Q18F26Q84 \
  -oC:\Users\panze\AppData\Local\Temp\s2o8.2 --defsym=__MPLAB_BUILD=1 \
  -Mdist/default/production/ASSI.production.map -E1 -ver=XC8 Compiler \
  --acfsm=1493 -ASTACK=058Fh-025FFh -pstack=STACK -ACODE=00h-0FFFFh \
  -ACONST=00h-0FFFFh -ASMALLCONST=02600h-026FFhx218 \
  -AMEDIUMCONST=02600h-0FFFFh -ACOMRAM=0501h-055Fh -AABS1=0500h-025FFh \
  -ABIGRAM=0501h-025FFh -ARAM=0560h-05FFh,0600h-06FFhx32 \
  -ABANK5=0560h-05FFh -ABANK6=0600h-06FFh -ABANK7=0700h-07FFh \
  -ABANK8=0800h-08FFh -ABANK9=0900h-09FFh -ABANK10=0A00h-0AFFh \
  -ABANK11=0B00h-0BFFh -ABANK12=0C00h-0CFFh -ABANK13=0D00h-0DFFh \
  -ABANK14=0E00h-0EFFh -ABANK15=0F00h-0FFFh -ABANK16=01000h-010FFh \
  -ABANK17=01100h-011FFh -ABANK18=01200h-012FFh -ABANK19=01300h-013FFh \
  -ABANK20=01400h-014FFh -ABANK21=01500h-015FFh -ABANK22=01600h-016FFh \
  -ABANK23=01700h-017FFh -ABANK24=01800h-018FFh -ABANK25=01900h-019FFh \
  -ABANK26=01A00h-01AFFh -ABANK27=01B00h-01BFFh -ABANK28=01C00h-01CFFh \
  -ABANK29=01D00h-01DFFh -ABANK30=01E00h-01EFFh -ABANK31=01F00h-01FFFh \
  -ABANK32=02000h-020FFh -ABANK33=02100h-021FFh -ABANK34=02200h-022FFh \
  -ABANK35=02300h-023FFh -ABANK36=02400h-024FFh -ABANK37=02500h-025FFh \
  -ASFR=00h-0FFhx4,0400h-045Fh,0460h-04FFh -ACONFIG=0300000h-0300023h \
  -AIDLOC=0200000h-020001Fh -AEEDATA=0380000h-03803FFh -peeprom_data=EEDATA \
  -preset_vec=00h -ppowerup=CODE,init -pramtop=02600h \
  -psmallconst=SMALLCONST -pmediumconst=MEDIUMCONST -pconst=CONST \
  -AFARRAM=00h-00h \
  -prdata=COMRAM,nvrram=COMRAM,nvbit=COMRAM,rbss=COMRAM,rbit=COMRAM \
  -pfarbss=FARRAM,fardata=FARRAM,nvFARRAM=FARRAM \
  -pintsave_regs=BIGRAM,bigbss=BIGRAM,bigdata=BIGRAM -pbss=RAM \
  -pidata=CODE,irdata=CODE,ibigdata=CODE,ifardata=CODE -prparam=COMRAM \
  C:\Users\panze\AppData\Local\Temp\s2o8.o \
  dist/default/production\ASSI.production.o 

Object code version is 3.11

Machine type is 18F26Q84



                Name                               Link     Load   Length Selector   Space Scale
C:\Users\panze\AppData\Local\Temp\s2o8.o
                idloc                            200000   200000       20        0       5
                config                           300000   300000       24        0       4
                init                                 1A       1A        4        4       0
                reset_vec                             0        0        4        0       0
dist/default/production\ASSI.production.o
                idloc                            200000   200000       20        0       5
                config                           300000   300000       24        0       4
                smallconst                         2600     2600        E     1300       0
                ivt0x8                                8        8       12        4       0
                text75                             3BF0     3BF0        2     1307       0
                text74                             3BEE     3BEE        2     1307       0
                text73                             3BEC     3BEC        2     1307       0
                text72                             3BEA     3BEA        2     1307       0
                text71                             3BE8     3BE8        2     1307       0
                text70                             3BE6     3BE6        2     1307       0
                text69                             3BE4     3BE4        2     1307       0
                text68                             2A94     2A94      156     1307       0
                text67                             3A4A     3A4A       1E     1307       0
                text66                             3AB2     3AB2       18     1307       0
                text65                             35DC     35DC       5A     1307       0
                text64                             2854     2854      240     1307       0
                text63                             2CD6     2CD6       EC     1307       0
                text62                             368E     368E       52     1307       0
                text61                             3110     3110       CA     1307       0
                text60                             32A0     32A0       BA     1307       0
                text59                             3B0C     3B0C       16     1307       0
                text58                             3AF6     3AF6       16     1307       0
                text57                             3A68     3A68       1A     1307       0
                text56                             3AE0     3AE0       16     1307       0
                text55                             3A9A     3A9A       18     1307       0
                text54                             3BB8     3BB8        A     1307       0
                text53                             2E9A     2E9A       D8     1307       0
                text52                             260E     260E      246     1307       0
                text51                             37B4     37B4       3E     1307       0
                text50                             33F2     33F2       94     1307       0
                text49                             39BC     39BC       28     1307       0
                text48                             2DC2     2DC2       D8     1307       0
                text47                             2BEA     2BEA       EC     1307       0
                text46                             39E4     39E4       24     1307       0
                text45                             2F72     2F72       D4     1307       0
                text44                             3BCE     3BCE        6     1307       0
                text43                             3942     3942       2A     1307       0
                text42                             3BE2     3BE2        2     1307       0
                text41                             3BE0     3BE0        2     1307       0
                text40                             3BDE     3BDE        2     1307       0
                text39                             3BC8     3BC8        6     1307       0
                text38                             3046     3046       CA     1307       0
                text37                             3BDC     3BDC        2     1307       0
                text36                             38EA     38EA       2E     1307       0
                text35                             3486     3486       80     1307       0
                text34                             3BDA     3BDA        2     1307       0
                text33                             38BC     38BC       2E     1307       0
                text32                             388E     388E       2E     1307       0
                text31                             37F2     37F2       3A     1307       0
                text30                             31DA     31DA       C6     1307       0
                text29                             382C     382C       34     1307       0
                text28                             3770     3770       44     1307       0
                text27                             3BC2     3BC2        6     1307       0
                text26                             3B36     3B36       14     1307       0
                text25                             3BAE     3BAE        A     1307       0
                text24                             3BA4     3BA4        A     1307       0
                text23                             3B9A     3B9A        A     1307       0
                text22                             3B90     3B90        A     1307       0
                text21                             3B86     3B86        A     1307       0
                text20                             3B7C     3B7C        A     1307       0
                text19                             3B72     3B72        A     1307       0
                text18                             3506     3506       7A     1307       0
                text17                             3B68     3B68        A     1307       0
                text16                             335A     335A       98     1307       0
                text15                             3B5E     3B5E        A     1307       0
                text14                             3918     3918       2A     1307       0
                text13                             3A08     3A08       22     1307       0
                text12                             3860     3860       2E     1307       0
                text11                             3B22     3B22       14     1307       0
                text10                             3636     3636       58     1307       0
                text9                              3BD4     3BD4        4     1307       0
                text8                              3A82     3A82       18     1307       0
                text7                              3580     3580       5C     1307       0
                text6                              3994     3994       28     1307       0
                text5                              3B54     3B54        A     1307       0
                text4                              396C     396C       28     1307       0
                text3                              3B4A     3B4A        A     1307       0
                text2                              3728     3728       48     1307       0
                text1                              3A2A     3A2A       20     1307       0
                text0                              3ACA     3ACA       16     1307       0
                cstackCOMRAM                        501      501       43      501       1
                cstackBANK5                         589      589        4      560       1
                dataBANK5                           58D      58D        2      560       1
                bssBANK5                            560      560       25      560       1
                bssCOMRAM                           544      544       1A      501       1
                cinit                              36E0     36E0       48     1307       0
                nvBANK5                             585      585        4      560       1
                nvCOMRAM                            55E      55E        2      501       1
                idataBANK5                         3BD8     3BD8        2     1307       0

TOTAL           Name                               Link     Load   Length     Space
        CLASS   STACK          

        CLASS   CODE           
                init                                 1A       1A        4         0
                reset_vec                             0        0        4         0
                ivt0x8                                8        8       12         0
                text75                             3BF0     3BF0        2         0
                text74                             3BEE     3BEE        2         0
                text73                             3BEC     3BEC        2         0
                text72                             3BEA     3BEA        2         0
                text71                             3BE8     3BE8        2         0
                text70                             3BE6     3BE6        2         0
                text69                             3BE4     3BE4        2         0
                text68                             2A94     2A94      156         0
                text67                             3A4A     3A4A       1E         0
                text66                             3AB2     3AB2       18         0
                text65                             35DC     35DC       5A         0
                text64                             2854     2854      240         0
                text63                             2CD6     2CD6       EC         0
                text62                             368E     368E       52         0
                text61                             3110     3110       CA         0
                text60                             32A0     32A0       BA         0
                text59                             3B0C     3B0C       16         0
                text58                             3AF6     3AF6       16         0
                text57                             3A68     3A68       1A         0
                text56                             3AE0     3AE0       16         0
                text55                             3A9A     3A9A       18         0
                text54                             3BB8     3BB8        A         0
                text53                             2E9A     2E9A       D8         0
                text52                             260E     260E      246         0
                text51                             37B4     37B4       3E         0
                text50                             33F2     33F2       94         0
                text49                             39BC     39BC       28         0
                text48                             2DC2     2DC2       D8         0
                text47                             2BEA     2BEA       EC         0
                text46                             39E4     39E4       24         0
                text45                             2F72     2F72       D4         0
                text44                             3BCE     3BCE        6         0
                text43                             3942     3942       2A         0
                text42                             3BE2     3BE2        2         0
                text41                             3BE0     3BE0        2         0
                text40                             3BDE     3BDE        2         0
                text39                             3BC8     3BC8        6         0
                text38                             3046     3046       CA         0
                text37                             3BDC     3BDC        2         0
                text36                             38EA     38EA       2E         0
                text35                             3486     3486       80         0
                text34                             3BDA     3BDA        2         0
                text33                             38BC     38BC       2E         0
                text32                             388E     388E       2E         0
                text31                             37F2     37F2       3A         0
                text30                             31DA     31DA       C6         0
                text29                             382C     382C       34         0
                text28                             3770     3770       44         0
                text27                             3BC2     3BC2        6         0
                text26                             3B36     3B36       14         0
                text25                             3BAE     3BAE        A         0
                text24                             3BA4     3BA4        A         0
                text23                             3B9A     3B9A        A         0
                text22                             3B90     3B90        A         0
                text21                             3B86     3B86        A         0
                text20                             3B7C     3B7C        A         0
                text19                             3B72     3B72        A         0
                text18                             3506     3506       7A         0
                text17                             3B68     3B68        A         0
                text16                             335A     335A       98         0
                text15                             3B5E     3B5E        A         0
                text14                             3918     3918       2A         0
                text13                             3A08     3A08       22         0
                text12                             3860     3860       2E         0
                text11                             3B22     3B22       14         0
                text10                             3636     3636       58         0
                text9                              3BD4     3BD4        4         0
                text8                              3A82     3A82       18         0
                text7                              3580     3580       5C         0
                text6                              3994     3994       28         0
                text5                              3B54     3B54        A         0
                text4                              396C     396C       28         0
                text3                              3B4A     3B4A        A         0
                text2                              3728     3728       48         0
                text1                              3A2A     3A2A       20         0
                text0                              3ACA     3ACA       16         0
                cinit                              36E0     36E0       48         0
                idataBANK5                         3BD8     3BD8        2         0

        CLASS   CONST          

        CLASS   SMALLCONST     
                smallconst                         2600     2600        E         0

        CLASS   MEDIUMCONST    

        CLASS   COMRAM         
                cstackCOMRAM                        501      501       43         1
                bssCOMRAM                           544      544       1A         1
                nvCOMRAM                            55E      55E        2         1

        CLASS   ABS1           

        CLASS   BIGRAM         

        CLASS   RAM            

        CLASS   BANK5          
                cstackBANK5                         589      589        4         1
                dataBANK5                           58D      58D        2         1
                bssBANK5                            560      560       25         1
                nvBANK5                             585      585        4         1

        CLASS   BANK6          

        CLASS   BANK7          

        CLASS   BANK8          

        CLASS   BANK9          

        CLASS   BANK10         

        CLASS   BANK11         

        CLASS   BANK12         

        CLASS   BANK13         

        CLASS   BANK14         

        CLASS   BANK15         

        CLASS   BANK16         

        CLASS   BANK17         

        CLASS   BANK18         

        CLASS   BANK19         

        CLASS   BANK20         

        CLASS   BANK21         

        CLASS   BANK22         

        CLASS   BANK23         

        CLASS   BANK24         

        CLASS   BANK25         

        CLASS   BANK26         

        CLASS   BANK27         

        CLASS   BANK28         

        CLASS   BANK29         

        CLASS   BANK30         

        CLASS   BANK31         

        CLASS   BANK32         

        CLASS   BANK33         

        CLASS   BANK34         

        CLASS   BANK35         

        CLASS   BANK36         

        CLASS   BANK37         

        CLASS   SFR            

        CLASS   CONFIG         
                config                           300000   300000       24         4

        CLASS   IDLOC          
                idloc                            200000   200000       20         5

        CLASS   EEDATA         

        CLASS   FARRAM         



SEGMENTS        Name                           Load    Length   Top    Selector   Space  Class

                reset_vec                      000000  000004  000004         0       0  CODE    
                ivt0x8                         000008  000016  00001E         4       0  CODE    
                cstackCOMRAM                   000501  00005F  000560       501       1  COMRAM  
                bssBANK5                       000560  00002F  00058F       560       1  BANK5   
                smallconst                     002600  00000E  00260E      1300       0  SMALLCON
                text52                         00260E  0015E4  003BF2      1307       0  CODE    


UNUSED ADDRESS RANGES

        Name                Unused          Largest block    Delta
        BANK10           000A00-000AFF              100
        BANK11           000B00-000BFF              100
        BANK12           000C00-000CFF              100
        BANK13           000D00-000DFF              100
        BANK14           000E00-000EFF              100
        BANK15           000F00-000FFF              100
        BANK16           001000-0010FF              100
        BANK17           001100-0011FF              100
        BANK18           001200-0012FF              100
        BANK19           001300-0013FF              100
        BANK20           001400-0014FF              100
        BANK21           001500-0015FF              100
        BANK22           001600-0016FF              100
        BANK23           001700-0017FF              100
        BANK24           001800-0018FF              100
        BANK25           001900-0019FF              100
        BANK26           001A00-001AFF              100
        BANK27           001B00-001BFF              100
        BANK28           001C00-001CFF              100
        BANK29           001D00-001DFF              100
        BANK30           001E00-001EFF              100
        BANK31           001F00-001FFF              100
        BANK32           002000-0020FF              100
        BANK33           002100-0021FF              100
        BANK34           002200-0022FF              100
        BANK35           002300-0023FF              100
        BANK36           002400-0024FF              100
        BANK37           002500-0025FF              100
        BANK5            00058F-0005FF               71
        BANK6            000600-0006FF              100
        BANK7            000700-0007FF              100
        BANK8            000800-0008FF              100
        BANK9            000900-0009FF              100
        BIGRAM           00058F-0025FF             2071
        CODE             000004-000007                4
                         00001E-0025FF             25E2
                         003BF2-00FFFF             C40E
        CONST            000004-000007                4
                         00001E-0025FF             25E2
                         003BF2-00FFFF             C40E
        EEDATA           380000-3803FF              400
        MEDIUMCONST      003BF2-00FFFF             C40E
        RAM              00058F-0025FF              100
        SFR              000000-0004FF              100
        SMALLCONST       003BF2-00FFFF              100
        STACK            00058F-0025FF             2071

                                  Symbol Table

CAN1_OperationModeSet@opMode                        cstackBANK5  000589
CAN1_OperationModeSet@requestMode                   cstackBANK5  00058B
CAN1_OperationModeSet@status                        cstackBANK5  00058A
CAN1_RX_FIFO_ResetInfo@index                        cstackBANK5  000589
CAN1_Receive@index                                  cstackCOMRAM 000525
CAN1_Receive@rxCanMsg                               cstackCOMRAM 000522
CAN1_Receive@status                                 cstackCOMRAM 000524
CAN1_ReceivedMessageCountGet@channel                cstackCOMRAM 000506
CAN1_ReceivedMessageCountGet@fifoDepth              cstackCOMRAM 000507
CAN1_ReceivedMessageCountGet@fifoHead               cstackCOMRAM 000509
CAN1_ReceivedMessageCountGet@fifoTail               cstackCOMRAM 000508
CAN1_ReceivedMessageCountGet@index                  cstackCOMRAM 00050A
CAN1_ReceivedMessageCountGet@numOfMsg               cstackCOMRAM 000504
CAN1_ReceivedMessageCountGet@rxMsgStatus            cstackCOMRAM 000505
CAN1_ReceivedMessageCountGet@totalMsgObj            cstackCOMRAM 000503
CAN1_SetBusErrorInterruptHandler@handler            cstackBANK5  000589
CAN1_SetBusWakeUpActivityInterruptHandler@handler   cstackBANK5  000589
CAN1_SetFIFO1NotEmptyHandler@handler                cstackBANK5  000589
CAN1_SetInvalidMessageInterruptHandler@handler      cstackBANK5  000589
CAN1_SetModeChangeInterruptHandler@handler          cstackBANK5  000589
CAN1_SetRxBufferOverFlowInterruptHandler@handler    cstackBANK5  000589
CAN1_SetSystemErrorInterruptHandler@handler         cstackBANK5  000589
CAN1_SetTxAttemptInterruptHandler@handler           cstackBANK5  000589
CAN1_Transmit@fifoChannel                           cstackCOMRAM 00051D
CAN1_Transmit@status                                cstackCOMRAM 00051A
CAN1_Transmit@txCanMsg                              cstackCOMRAM 000518
CAN1_Transmit@txFifoObj                             cstackCOMRAM 00051B
CAN1_TransmitFIFOStatusGet@fifoChannel              cstackCOMRAM 000504
CAN1_TransmitFIFOStatusGet@status                   cstackCOMRAM 000503
CANReadMessage@data1                                cstackCOMRAM 00053F
CANReadMessage@id                                   cstackCOMRAM 00053B
CANWriteMessage@data1                               cstackCOMRAM 000523
CANWriteMessage@data2                               cstackCOMRAM 000524
CANWriteMessage@data3                               cstackCOMRAM 000525
CANWriteMessage@data4                               cstackCOMRAM 000526
CANWriteMessage@data5                               cstackCOMRAM 000527
CANWriteMessage@data6                               cstackCOMRAM 000528
CANWriteMessage@data7                               cstackCOMRAM 000529
CANWriteMessage@data8                               cstackCOMRAM 00052A
CANWriteMessage@dataLength                          cstackCOMRAM 000522
CANWriteMessage@id                                  cstackCOMRAM 00051E
DELAY_milliseconds@milliseconds                     cstackBANK5  000589
GetRxFifoDepth@validChannel                         cstackCOMRAM 000502
GetRxFifoStatus@validChannel                        cstackCOMRAM 000501
GetTxFifoStatus@validChannel                        cstackCOMRAM 000501
IVTBASEH                                            (abs)        00045E
IVTBASEL                                            (abs)        00045D
IVTBASEU                                            (abs)        00045F
ReadMessageFromFifo@msgId                           cstackCOMRAM 000513
ReadMessageFromFifo@rxCanMsg                        cstackCOMRAM 00050E
ReadMessageFromFifo@rxFifoObj                       cstackCOMRAM 00050C
ReadMessageFromFifo@status                          cstackCOMRAM 000517
Receive@channel                                     cstackCOMRAM 000518
Receive@index                                       cstackCOMRAM 000521
Receive@rxCanMsg                                    cstackCOMRAM 000519
Receive@rxFifoObj                                   cstackCOMRAM 00051E
Receive@rxMsgStatus                                 cstackCOMRAM 000520
Receive@status                                      cstackCOMRAM 00051D
TMR0_ISR@CountCallBack                              bssCOMRAM    000544
TMR0_SetInterruptHandler@InterruptHandler           cstackBANK5  000589
TMR1_ISR@CountCallBack                              bssCOMRAM    00054E
TMR1_SetInterruptHandler@InterruptHandler           cstackBANK5  000589
TMR1_WriteTimer@timerVal                            cstackCOMRAM 000501
ValidateTransmission@field                          cstackCOMRAM 00050A
ValidateTransmission@txCanMsg                       cstackCOMRAM 000502
ValidateTransmission@txMsgStatus                    cstackCOMRAM 000509
ValidateTransmission@validChannel                   cstackCOMRAM 000507
WriteMessageToFifo@msgId                            cstackCOMRAM 000514
WriteMessageToFifo@status                           cstackCOMRAM 000513
WriteMessageToFifo@txCanMsg                         cstackCOMRAM 00050E
WriteMessageToFifo@txFifoObj                        cstackCOMRAM 00050C
_ANSELA                                             (abs)        000400
_ANSELB                                             (abs)        000408
_ANSELC                                             (abs)        000410
_C1CONH                                             (abs)        000101
_C1CONHbits                                         (abs)        000101
_C1CONL                                             (abs)        000100
_C1CONTbits                                         (abs)        000103
_C1CONU                                             (abs)        000102
_C1CONUbits                                         (abs)        000102
_C1FIFOBA                                           (abs)        00014C
_C1FIFOCON1H                                        (abs)        00015D
_C1FIFOCON1L                                        (abs)        00015C
_C1FIFOCON1T                                        (abs)        00015F
_C1FIFOCON1U                                        (abs)        00015E
_C1FIFOSTA1Lbits                                    (abs)        000160
_C1FLTCON0H                                         (abs)        000181
_C1FLTOBJ1H                                         (abs)        000195
_C1FLTOBJ1L                                         (abs)        000194
_C1FLTOBJ1T                                         (abs)        000197
_C1FLTOBJ1U                                         (abs)        000196
_C1INTH                                             (abs)        00011D
_C1INTHbits                                         (abs)        00011D
_C1INTL                                             (abs)        00011C
_C1INTLbits                                         (abs)        00011C
_C1INTT                                             (abs)        00011F
_C1INTTbits                                         (abs)        00011F
_C1INTU                                             (abs)        00011E
_C1INTUbits                                         (abs)        00011E
_C1MASK1H                                           (abs)        000199
_C1MASK1L                                           (abs)        000198
_C1MASK1T                                           (abs)        00019B
_C1MASK1U                                           (abs)        00019A
_C1NBTCFGH                                          (abs)        000105
_C1NBTCFGL                                          (abs)        000104
_C1NBTCFGT                                          (abs)        000107
_C1NBTCFGU                                          (abs)        000106
_C1TRECUbits                                        (abs)        000136
_C1TXQCONH                                          (abs)        000151
_C1TXQCONL                                          (abs)        000150
_C1TXQCONT                                          (abs)        000153
_C1TXQCONU                                          (abs)        000152
_C1TXQSTALbits                                      (abs)        000154
_CAN1_BitRateConfiguration                          text26       003B36
_CAN1_BusErrorHandler                               bssBANK5     000568
_CAN1_BusWakeUpActivityHandler                      bssBANK5     00056A
_CAN1_ErrorNotificationInterruptEnable              text18       003506
_CAN1_FIFO1NotEmptyHandler                          bssCOMRAM    000550
_CAN1_ISR                                           text68       002A94
_CAN1_Initialize                                    text10       003636
_CAN1_InvalidMessageHandler                         bssBANK5     00056C
_CAN1_IsBusOff                                      text59       003B0C
_CAN1_IsTxErrorActive                               text57       003A68
_CAN1_IsTxErrorPassive                              text58       003AF6
_CAN1_IsTxErrorWarning                              text56       003AE0
_CAN1_ModeChangeHandler                             bssBANK5     000566
_CAN1_OperationModeGet                              text17       003B68
_CAN1_OperationModeSet                              text16       00335A
_CAN1_RXI_ISR                                       text43       003942
_CAN1_RX_FIFO_Configuration                         text14       003918
_CAN1_RX_FIFO_FilterMaskConfiguration               text13       003A08
_CAN1_RX_FIFO_ResetInfo                             text12       003860
_CAN1_Receive                                       text62       00368E
_CAN1_ReceivedMessageCountGet                       text61       003110
_CAN1_RxBufferOverflowHandler                       bssBANK5     000560
_CAN1_SetBusErrorInterruptHandler                   text25       003BAE
_CAN1_SetBusWakeUpActivityInterruptHandler          text24       003BA4
_CAN1_SetFIFO1NotEmptyHandler                       text15       003B5E
_CAN1_SetInvalidMessageInterruptHandler             text23       003B9A
_CAN1_SetModeChangeInterruptHandler                 text22       003B90
_CAN1_SetRxBufferOverFlowInterruptHandler           text21       003B86
_CAN1_SetSystemErrorInterruptHandler                text20       003B7C
_CAN1_SetTxAttemptInterruptHandler                  text19       003B72
_CAN1_SystemErrorHandler                            bssBANK5     000564
_CAN1_TX_FIFO_Configuration                         text11       003B22
_CAN1_Transmit                                      text50       0033F2
_CAN1_TransmitFIFOStatusGet                         text49       0039BC
_CAN1_TxAttemptHandler                              bssBANK5     000562
_CANDATAdata                                        bssBANK5     000576
_CANRXPPS                                           (abs)        00023D
_CANReadMessage                                     text45       002F72
_CANWriteMessage                                    text48       002DC2
_DELAY_milliseconds                                 text29       00382C
_DLC_BYTES                                          smallconst   002601
_DefaultBusErrorHandler                             text75       003BF0
_DefaultBusWakeUpActivityHandler                    text74       003BEE
_DefaultFIFO1NotEmptyHandler                        text44       003BCE
_DefaultInvalidMessageHandler                       text73       003BEC
_DefaultModeChangeHandler                           text72       003BEA
_DefaultRxBufferOverflowHandler                     text71       003BE8
_DefaultSystemErrorHandler                          text70       003BE6
_DefaultTxAttemptHandler                            text69       003BE4
_GetRxFifoDepth                                     text67       003A4A
_GetRxFifoStatus                                    text66       003AB2
_GetTxFifoStatus                                    text55       003A9A
_INLVLA                                             (abs)        000404
_INLVLB                                             (abs)        00040C
_INLVLC                                             (abs)        000414
_INLVLE                                             (abs)        000424
_INTCON0bits                                        (abs)        0004D6
_INTERRUPT_Initialize                               text9        003BD4
_INTERRUPT_InterruptManager                         text30       0031DA
_Init_hardware                                      text28       003770
_LATA                                               (abs)        0004BE
_LATB                                               (abs)        0004BF
_LATBbits                                           (abs)        0004BF
_LATC                                               (abs)        0004C0
_LATCbits                                           (abs)        0004C0
_LEDS                                               text60       0032A0
_MESSSAGES_ASSIState                                text47       002BEA
_ODCONA                                             (abs)        000402
_ODCONB                                             (abs)        00040A
_ODCONC                                             (abs)        000412
_OSCCON1                                            (abs)        0000AD
_OSCCON3                                            (abs)        0000AF
_OSCEN                                              (abs)        0000B3
_OSCFRQ                                             (abs)        0000B1
_OSCILLATOR_Initialize                              text8        003A82
_OSCTUNE                                            (abs)        0000B0
_PARAMETERS_Init                                    text27       003BC2
_PIE0bits                                           (abs)        00049E
_PIE3bits                                           (abs)        0004A1
_PIE4bits                                           (abs)        0004A2
_PIN_MANAGER_Initialize                             text7        003580
_PIR0bits                                           (abs)        0004AE
_PIR3bits                                           (abs)        0004B1
_PIR4bits                                           (abs)        0004B2
_PMD0                                               (abs)        000060
_PMD1                                               (abs)        000061
_PMD2                                               (abs)        000062
_PMD3                                               (abs)        000063
_PMD4                                               (abs)        000064
_PMD5                                               (abs)        000065
_PMD6                                               (abs)        000066
_PMD7                                               (abs)        000067
_PMD8                                               (abs)        000068
_PMD_Initialize                                     text6        003994
_RB4PPS                                             (abs)        00020D
_ReadMessageFromFifo                                text64       002854
_Receive                                            text63       002CD6
_SLRCONA                                            (abs)        000403
_SLRCONB                                            (abs)        00040B
_SLRCONC                                            (abs)        000413
_SPEAKER                                            text46       0039E4
_SYSTEM_Initialize                                  text1        003A2A
_T0CON0                                             (abs)        00031A
_T0CON0bits                                         (abs)        00031A
_T0CON1                                             (abs)        00031B
_T1CLK                                              (abs)        000321
_T1CON                                              (abs)        00031E
_T1CONbits                                          (abs)        00031E
_T1GATE                                             (abs)        000320
_T1GCON                                             (abs)        00031F
_T1GCONbits                                         (abs)        00031F
_TEMPORIZATION_15mins                               text42       003BE2
_TEMPORIZATION_1mins                                text41       003BE0
_TEMPORIZATION_1s                                   text38       003046
_TEMPORIZATION_30mins                               text40       003BDE
_TEMPORIZATION_5s                                   text39       003BC8
_TMR0H                                              (abs)        000319
_TMR0L                                              (abs)        000318
_TMR0_CallBack                                      text36       0038EA
_TMR0_DefaultInterruptHandler                       text37       003BDC
_TMR0_ISR                                           text35       003486
_TMR0_Initialize                                    text4        00396C
_TMR0_InterruptHandler                              nvBANK5      000585
_TMR0_SetInterruptHandler                           text5        003B54
_TMR1H                                              (abs)        00031D
_TMR1L                                              (abs)        00031C
_TMR1_CallBack                                      text33       0038BC
_TMR1_DefaultInterruptHandler                       text34       003BDA
_TMR1_ISR                                           text31       0037F2
_TMR1_Initialize                                    text2        003728
_TMR1_InterruptHandler                              nvBANK5      000587
_TMR1_SetInterruptHandler                           text3        003B4A
_TMR1_WriteTimer                                    text32       00388E
_TRISA                                              (abs)        0004C6
_TRISB                                              (abs)        0004C7
_TRISC                                              (abs)        0004C8
_TRISE                                              (abs)        0004CA
_ValidateTransmission                               text53       002E9A
_WPUA                                               (abs)        000401
_WPUB                                               (abs)        000409
_WPUC                                               (abs)        000411
_WPUE                                               (abs)        000421
_WriteMessageToFifo                                 text52       00260E
__HRAM                                              (abs)        000000
__Habs1                                             abs1         000000
__Hbank10                                           bank10       000000
__Hbank11                                           bank11       000000
__Hbank12                                           bank12       000000
__Hbank13                                           bank13       000000
__Hbank14                                           bank14       000000
__Hbank15                                           bank15       000000
__Hbank16                                           bank16       000000
__Hbank17                                           bank17       000000
__Hbank18                                           bank18       000000
__Hbank19                                           bank19       000000
__Hbank20                                           bank20       000000
__Hbank21                                           bank21       000000
__Hbank22                                           bank22       000000
__Hbank23                                           bank23       000000
__Hbank24                                           bank24       000000
__Hbank25                                           bank25       000000
__Hbank26                                           bank26       000000
__Hbank27                                           bank27       000000
__Hbank28                                           bank28       000000
__Hbank29                                           bank29       000000
__Hbank30                                           bank30       000000
__Hbank31                                           bank31       000000
__Hbank32                                           bank32       000000
__Hbank33                                           bank33       000000
__Hbank34                                           bank34       000000
__Hbank35                                           bank35       000000
__Hbank36                                           bank36       000000
__Hbank37                                           bank37       000000
__Hbank5                                            bank5        000000
__Hbank6                                            bank6        000000
__Hbank7                                            bank7        000000
__Hbank8                                            bank8        000000
__Hbank9                                            bank9        000000
__Hbigbss                                           bigbss       000000
__Hbigdata                                          bigdata      000000
__Hbigram                                           bigram       000000
__Hbss                                              bss          000000
__HbssBANK5                                         bssBANK5     000000
__HbssCOMRAM                                        bssCOMRAM    000000
__Hcinit                                            cinit        000000
__Hclrtext                                          clrtext      000000
__Hcomram                                           comram       000000
__Hconfig                                           config       300024
__Hconst                                            const        000000
__HcstackBANK5                                      cstackBANK5  000000
__HcstackCOMRAM                                     cstackCOMRAM 000000
__Hdata                                             data         000000
__HdataBANK5                                        dataBANK5    000000
__Heeprom_data                                      eeprom_data  000000
__Hfarbss                                           farbss       000000
__Hfardata                                          fardata      000000
__Hibigdata                                         ibigdata     000000
__Hidata                                            idata        000000
__HidataBANK5                                       idataBANK5   000000
__Hidloc                                            idloc        200020
__Hifardata                                         ifardata     000000
__Hinit                                             init         00001E
__Hintsave_regs                                     intsave_regs 000000
__Hirdata                                           irdata       000000
__Hivt0x8                                           ivt0x8       00001A
__Hmediumconst                                      mediumconst  000000
__HnvBANK5                                          nvBANK5      000000
__HnvCOMRAM                                         nvCOMRAM     000000
__HnvFARRAM                                         nvFARRAM     000000
__Hnvbit                                            nvbit        000000
__Hnvrram                                           nvrram       000000
__Hparam                                            rparam       000000
__Hpowerup                                          powerup      000000
__Hram                                              ram          000000
__Hramtop                                           ramtop       002600
__Hrbit                                             rbit         000000
__Hrbss                                             rbss         000000
__Hrdata                                            rdata        000000
__Hreset_vec                                        reset_vec    000004
__Hrparam                                           rparam       000000
__Hsfr                                              sfr          000000
__Hsmallconst                                       smallconst   00260E
__Hspace_0                                          (abs)        003BF2
__Hspace_1                                          (abs)        00058F
__Hspace_2                                          (abs)        000000
__Hspace_4                                          (abs)        600024
__Hstack                                            stack        000000
__Hstruct                                           struct       000000
__Htemp                                             temp         000000
__Htext                                             text         000000
__Htext0                                            text0        000000
__Htext1                                            text1        000000
__Htext10                                           text10       000000
__Htext11                                           text11       000000
__Htext12                                           text12       000000
__Htext13                                           text13       000000
__Htext14                                           text14       000000
__Htext15                                           text15       000000
__Htext16                                           text16       000000
__Htext17                                           text17       000000
__Htext18                                           text18       000000
__Htext19                                           text19       000000
__Htext2                                            text2        000000
__Htext20                                           text20       000000
__Htext21                                           text21       000000
__Htext22                                           text22       000000
__Htext23                                           text23       000000
__Htext24                                           text24       000000
__Htext25                                           text25       000000
__Htext26                                           text26       000000
__Htext27                                           text27       000000
__Htext28                                           text28       000000
__Htext29                                           text29       000000
__Htext3                                            text3        000000
__Htext30                                           text30       000000
__Htext31                                           text31       000000
__Htext32                                           text32       000000
__Htext33                                           text33       000000
__Htext34                                           text34       000000
__Htext35                                           text35       000000
__Htext36                                           text36       000000
__Htext37                                           text37       000000
__Htext38                                           text38       000000
__Htext39                                           text39       000000
__Htext4                                            text4        000000
__Htext40                                           text40       000000
__Htext41                                           text41       000000
__Htext42                                           text42       000000
__Htext43                                           text43       000000
__Htext44                                           text44       000000
__Htext45                                           text45       000000
__Htext46                                           text46       000000
__Htext47                                           text47       000000
__Htext48                                           text48       000000
__Htext49                                           text49       000000
__Htext5                                            text5        000000
__Htext50                                           text50       000000
__Htext51                                           text51       000000
__Htext52                                           text52       000000
__Htext53                                           text53       000000
__Htext54                                           text54       000000
__Htext55                                           text55       000000
__Htext56                                           text56       000000
__Htext57                                           text57       000000
__Htext58                                           text58       000000
__Htext59                                           text59       000000
__Htext6                                            text6        000000
__Htext60                                           text60       000000
__Htext61                                           text61       000000
__Htext62                                           text62       000000
__Htext63                                           text63       000000
__Htext64                                           text64       000000
__Htext65                                           text65       000000
__Htext66                                           text66       000000
__Htext67                                           text67       000000
__Htext68                                           text68       000000
__Htext69                                           text69       000000
__Htext7                                            text7        000000
__Htext70                                           text70       000000
__Htext71                                           text71       000000
__Htext72                                           text72       000000
__Htext73                                           text73       000000
__Htext74                                           text74       000000
__Htext75                                           text75       000000
__Htext76                                           text76       000000
__Htext8                                            text8        000000
__Htext9                                            text9        000000
__LRAM                                              (abs)        000001
__Labs1                                             abs1         000000
__Lbank10                                           bank10       000000
__Lbank11                                           bank11       000000
__Lbank12                                           bank12       000000
__Lbank13                                           bank13       000000
__Lbank14                                           bank14       000000
__Lbank15                                           bank15       000000
__Lbank16                                           bank16       000000
__Lbank17                                           bank17       000000
__Lbank18                                           bank18       000000
__Lbank19                                           bank19       000000
__Lbank20                                           bank20       000000
__Lbank21                                           bank21       000000
__Lbank22                                           bank22       000000
__Lbank23                                           bank23       000000
__Lbank24                                           bank24       000000
__Lbank25                                           bank25       000000
__Lbank26                                           bank26       000000
__Lbank27                                           bank27       000000
__Lbank28                                           bank28       000000
__Lbank29                                           bank29       000000
__Lbank30                                           bank30       000000
__Lbank31                                           bank31       000000
__Lbank32                                           bank32       000000
__Lbank33                                           bank33       000000
__Lbank34                                           bank34       000000
__Lbank35                                           bank35       000000
__Lbank36                                           bank36       000000
__Lbank37                                           bank37       000000
__Lbank5                                            bank5        000000
__Lbank6                                            bank6        000000
__Lbank7                                            bank7        000000
__Lbank8                                            bank8        000000
__Lbank9                                            bank9        000000
__Lbigbss                                           bigbss       000000
__Lbigdata                                          bigdata      000000
__Lbigram                                           bigram       000000
__Lbss                                              bss          000000
__LbssBANK5                                         bssBANK5     000000
__LbssCOMRAM                                        bssCOMRAM    000000
__Lcinit                                            cinit        000000
__Lclrtext                                          clrtext      000000
__Lcomram                                           comram       000000
__Lconfig                                           config       000000
__Lconst                                            const        000000
__LcstackBANK5                                      cstackBANK5  000000
__LcstackCOMRAM                                     cstackCOMRAM 000000
__Ldata                                             data         000000
__LdataBANK5                                        dataBANK5    000000
__Leeprom_data                                      eeprom_data  000000
__Lfarbss                                           farbss       000000
__Lfardata                                          fardata      000000
__Libigdata                                         ibigdata     000000
__Lidata                                            idata        000000
__LidataBANK5                                       idataBANK5   000000
__Lidloc                                            idloc        000000
__Lifardata                                         ifardata     000000
__Linit                                             init         00001A
__Lintsave_regs                                     intsave_regs 000000
__Lirdata                                           irdata       000000
__Livt0x8                                           ivt0x8       000008
__Lmediumconst                                      mediumconst  000000
__LnvBANK5                                          nvBANK5      000000
__LnvCOMRAM                                         nvCOMRAM     000000
__LnvFARRAM                                         nvFARRAM     000000
__Lnvbit                                            nvbit        000000
__Lnvrram                                           nvrram       000000
__Lparam                                            rparam       000000
__Lpowerup                                          powerup      000000
__Lram                                              ram          000000
__Lramtop                                           ramtop       002600
__Lrbit                                             rbit         000000
__Lrbss                                             rbss         000000
__Lrdata                                            rdata        000000
__Lreset_vec                                        reset_vec    000000
__Lrparam                                           rparam       000000
__Lsfr                                              sfr          000000
__Lsmallconst                                       smallconst   002600
__Lspace_0                                          (abs)        000000
__Lspace_1                                          (abs)        000000
__Lspace_2                                          (abs)        000000
__Lspace_4                                          (abs)        000000
__Lstack                                            stack        000000
__Lstruct                                           struct       000000
__Ltemp                                             temp         000000
__Ltext                                             text         000000
__Ltext0                                            text0        000000
__Ltext1                                            text1        000000
__Ltext10                                           text10       000000
__Ltext11                                           text11       000000
__Ltext12                                           text12       000000
__Ltext13                                           text13       000000
__Ltext14                                           text14       000000
__Ltext15                                           text15       000000
__Ltext16                                           text16       000000
__Ltext17                                           text17       000000
__Ltext18                                           text18       000000
__Ltext19                                           text19       000000
__Ltext2                                            text2        000000
__Ltext20                                           text20       000000
__Ltext21                                           text21       000000
__Ltext22                                           text22       000000
__Ltext23                                           text23       000000
__Ltext24                                           text24       000000
__Ltext25                                           text25       000000
__Ltext26                                           text26       000000
__Ltext27                                           text27       000000
__Ltext28                                           text28       000000
__Ltext29                                           text29       000000
__Ltext3                                            text3        000000
__Ltext30                                           text30       000000
__Ltext31                                           text31       000000
__Ltext32                                           text32       000000
__Ltext33                                           text33       000000
__Ltext34                                           text34       000000
__Ltext35                                           text35       000000
__Ltext36                                           text36       000000
__Ltext37                                           text37       000000
__Ltext38                                           text38       000000
__Ltext39                                           text39       000000
__Ltext4                                            text4        000000
__Ltext40                                           text40       000000
__Ltext41                                           text41       000000
__Ltext42                                           text42       000000
__Ltext43                                           text43       000000
__Ltext44                                           text44       000000
__Ltext45                                           text45       000000
__Ltext46                                           text46       000000
__Ltext47                                           text47       000000
__Ltext48                                           text48       000000
__Ltext49                                           text49       000000
__Ltext5                                            text5        000000
__Ltext50                                           text50       000000
__Ltext51                                           text51       000000
__Ltext52                                           text52       000000
__Ltext53                                           text53       000000
__Ltext54                                           text54       000000
__Ltext55                                           text55       000000
__Ltext56                                           text56       000000
__Ltext57                                           text57       000000
__Ltext58                                           text58       000000
__Ltext59                                           text59       000000
__Ltext6                                            text6        000000
__Ltext60                                           text60       000000
__Ltext61                                           text61       000000
__Ltext62                                           text62       000000
__Ltext63                                           text63       000000
__Ltext64                                           text64       000000
__Ltext65                                           text65       000000
__Ltext66                                           text66       000000
__Ltext67                                           text67       000000
__Ltext68                                           text68       000000
__Ltext69                                           text69       000000
__Ltext7                                            text7        000000
__Ltext70                                           text70       000000
__Ltext71                                           text71       000000
__Ltext72                                           text72       000000
__Ltext73                                           text73       000000
__Ltext74                                           text74       000000
__Ltext75                                           text75       000000
__Ltext76                                           text76       000000
__Ltext8                                            text8        000000
__Ltext9                                            text9        000000
__S0                                                (abs)        003BF2
__S1                                                (abs)        00058F
__S2                                                (abs)        000000
__S4                                                (abs)        000000
__S5                                                (abs)        000000
___inthi_sp                                         stack        000000
___intlo_sp                                         stack        000000
___param_bank                                       (abs)        000000
___rparam_used                                      (abs)        000001
___sp                                               stack        000000
__accesstop                                         (abs)        000560
__activetblptr                                      (abs)        000003
__end_of_CAN1_BitRateConfiguration                  text26       003B4A
__end_of_CAN1_ErrorNotificationInterruptEnable      text18       003580
__end_of_CAN1_ISR                                   text68       002BEA
__end_of_CAN1_Initialize                            text10       00368E
__end_of_CAN1_IsBusOff                              text59       003B22
__end_of_CAN1_IsTxErrorActive                       text57       003A82
__end_of_CAN1_IsTxErrorPassive                      text58       003B0C
__end_of_CAN1_IsTxErrorWarning                      text56       003AF6
__end_of_CAN1_OperationModeGet                      text17       003B72
__end_of_CAN1_OperationModeSet                      text16       0033F2
__end_of_CAN1_RXI_ISR                               text43       00396C
__end_of_CAN1_RX_FIFO_Configuration                 text14       003942
__end_of_CAN1_RX_FIFO_FilterMaskConfiguration       text13       003A2A
__end_of_CAN1_RX_FIFO_ResetInfo                     text12       00388E
__end_of_CAN1_Receive                               text62       0036E0
__end_of_CAN1_ReceivedMessageCountGet               text61       0031DA
__end_of_CAN1_SetBusErrorInterruptHandler           text25       003BB8
__end_of_CAN1_SetBusWakeUpActivityInterruptHandler  text24       003BAE
__end_of_CAN1_SetFIFO1NotEmptyHandler               text15       003B68
__end_of_CAN1_SetInvalidMessageInterruptHandler     text23       003BA4
__end_of_CAN1_SetModeChangeInterruptHandler         text22       003B9A
__end_of_CAN1_SetRxBufferOverFlowInterruptHandler   text21       003B90
__end_of_CAN1_SetSystemErrorInterruptHandler        text20       003B86
__end_of_CAN1_SetTxAttemptInterruptHandler          text19       003B7C
__end_of_CAN1_TX_FIFO_Configuration                 text11       003B36
__end_of_CAN1_Transmit                              text50       003486
__end_of_CAN1_TransmitFIFOStatusGet                 text49       0039E4
__end_of_CANReadMessage                             text45       003046
__end_of_CANWriteMessage                            text48       002E9A
__end_of_DELAY_milliseconds                         text29       003860
__end_of_DLC_BYTES                                  smallconst   00260A
__end_of_DefaultBusErrorHandler                     text75       003BF2
__end_of_DefaultBusWakeUpActivityHandler            text74       003BF0
__end_of_DefaultFIFO1NotEmptyHandler                text44       003BD4
__end_of_DefaultInvalidMessageHandler               text73       003BEE
__end_of_DefaultModeChangeHandler                   text72       003BEC
__end_of_DefaultRxBufferOverflowHandler             text71       003BEA
__end_of_DefaultSystemErrorHandler                  text70       003BE8
__end_of_DefaultTxAttemptHandler                    text69       003BE6
__end_of_FIFO                                       smallconst   00260C
__end_of_GetRxFifoDepth                             text67       003A68
__end_of_GetRxFifoStatus                            text66       003ACA
__end_of_GetTxFifoStatus                            text55       003AB2
__end_of_INTERRUPT_Initialize                       text9        003BD8
__end_of_INTERRUPT_InterruptManager                 text30       0032A0
__end_of_Init_hardware                              text28       0037B4
__end_of_LEDS                                       text60       00335A
__end_of_MESSSAGES_ASSIState                        text47       002CD6
__end_of_OSCILLATOR_Initialize                      text8        003A9A
__end_of_PARAMETERS_Init                            text27       003BC8
__end_of_PIN_MANAGER_Initialize                     text7        0035DC
__end_of_PMD_Initialize                             text6        0039BC
__end_of_ReadMessageFromFifo                        text64       002A94
__end_of_Receive                                    text63       002DC2
__end_of_SPEAKER                                    text46       003A08
__end_of_SYSTEM_Initialize                          text1        003A4A
__end_of_TEMPORIZATION_15mins                       text42       003BE4
__end_of_TEMPORIZATION_1mins                        text41       003BE2
__end_of_TEMPORIZATION_1s                           text38       003110
__end_of_TEMPORIZATION_30mins                       text40       003BE0
__end_of_TEMPORIZATION_5s                           text39       003BCE
__end_of_TMR0_CallBack                              text36       003918
__end_of_TMR0_DefaultInterruptHandler               text37       003BDE
__end_of_TMR0_ISR                                   text35       003506
__end_of_TMR0_Initialize                            text4        003994
__end_of_TMR0_SetInterruptHandler                   text5        003B5E
__end_of_TMR1_CallBack                              text33       0038EA
__end_of_TMR1_DefaultInterruptHandler               text34       003BDC
__end_of_TMR1_ISR                                   text31       00382C
__end_of_TMR1_Initialize                            text2        003770
__end_of_TMR1_SetInterruptHandler                   text3        003B54
__end_of_TMR1_WriteTimer                            text32       0038BC
__end_of_ValidateTransmission                       text53       002F72
__end_of_WriteMessageToFifo                         text52       002854
__end_of__initialization                            cinit        003722
__end_of_isTxChannel                                text51       0037F2
__end_of_main                                       text0        003AE0
__end_of_memcpy                                     text65       003636
__end_ofi2_CAN1_OperationModeGet                    text54       003BC2
__initialization                                    cinit        0036E0
__mediumconst                                       mediumconst  000000
__pbssBANK5                                         bssBANK5     000560
__pbssCOMRAM                                        bssCOMRAM    000544
__pcinit                                            cinit        0036E0
__pcstackBANK5                                      cstackBANK5  000589
__pcstackCOMRAM                                     cstackCOMRAM 000501
__pdataBANK5                                        dataBANK5    00058D
__pidataBANK5                                       idataBANK5   003BD8
__pivt0x8                                           ivt0x8       000008
__pnvBANK5                                          nvBANK5      000585
__pnvCOMRAM                                         nvCOMRAM     00055E
__psmallconst                                       smallconst   002600
__ptext0                                            text0        003ACA
__ptext1                                            text1        003A2A
__ptext10                                           text10       003636
__ptext11                                           text11       003B22
__ptext12                                           text12       003860
__ptext13                                           text13       003A08
__ptext14                                           text14       003918
__ptext15                                           text15       003B5E
__ptext16                                           text16       00335A
__ptext17                                           text17       003B68
__ptext18                                           text18       003506
__ptext19                                           text19       003B72
__ptext2                                            text2        003728
__ptext20                                           text20       003B7C
__ptext21                                           text21       003B86
__ptext22                                           text22       003B90
__ptext23                                           text23       003B9A
__ptext24                                           text24       003BA4
__ptext25                                           text25       003BAE
__ptext26                                           text26       003B36
__ptext27                                           text27       003BC2
__ptext28                                           text28       003770
__ptext29                                           text29       00382C
__ptext3                                            text3        003B4A
__ptext30                                           text30       0031DA
__ptext31                                           text31       0037F2
__ptext32                                           text32       00388E
__ptext33                                           text33       0038BC
__ptext34                                           text34       003BDA
__ptext35                                           text35       003486
__ptext36                                           text36       0038EA
__ptext37                                           text37       003BDC
__ptext38                                           text38       003046
__ptext39                                           text39       003BC8
__ptext4                                            text4        00396C
__ptext40                                           text40       003BDE
__ptext41                                           text41       003BE0
__ptext42                                           text42       003BE2
__ptext43                                           text43       003942
__ptext44                                           text44       003BCE
__ptext45                                           text45       002F72
__ptext46                                           text46       0039E4
__ptext47                                           text47       002BEA
__ptext48                                           text48       002DC2
__ptext49                                           text49       0039BC
__ptext5                                            text5        003B54
__ptext50                                           text50       0033F2
__ptext51                                           text51       0037B4
__ptext52                                           text52       00260E
__ptext53                                           text53       002E9A
__ptext54                                           text54       003BB8
__ptext55                                           text55       003A9A
__ptext56                                           text56       003AE0
__ptext57                                           text57       003A68
__ptext58                                           text58       003AF6
__ptext59                                           text59       003B0C
__ptext6                                            text6        003994
__ptext60                                           text60       0032A0
__ptext61                                           text61       003110
__ptext62                                           text62       00368E
__ptext63                                           text63       002CD6
__ptext64                                           text64       002854
__ptext65                                           text65       0035DC
__ptext66                                           text66       003AB2
__ptext67                                           text67       003A4A
__ptext68                                           text68       002A94
__ptext69                                           text69       003BE4
__ptext7                                            text7        003580
__ptext70                                           text70       003BE6
__ptext71                                           text71       003BE8
__ptext72                                           text72       003BEA
__ptext73                                           text73       003BEC
__ptext74                                           text74       003BEE
__ptext75                                           text75       003BF0
__ptext76                                           text76       000000
__ptext8                                            text8        003A82
__ptext9                                            text9        003BD4
__ramtop                                            ramtop       002600
__size_of_CAN1_BitRateConfiguration                 (abs)        000000
__size_of_CAN1_ErrorNotificationInterruptEnable     (abs)        000000
__size_of_CAN1_ISR                                  (abs)        000000
__size_of_CAN1_Initialize                           (abs)        000000
__size_of_CAN1_IsBusOff                             (abs)        000000
__size_of_CAN1_IsTxErrorActive                      (abs)        000000
__size_of_CAN1_IsTxErrorPassive                     (abs)        000000
__size_of_CAN1_IsTxErrorWarning                     (abs)        000000
__size_of_CAN1_OperationModeGet                     (abs)        000000
__size_of_CAN1_OperationModeSet                     (abs)        000000
__size_of_CAN1_RXI_ISR                              (abs)        000000
__size_of_CAN1_RX_FIFO_Configuration                (abs)        000000
__size_of_CAN1_RX_FIFO_FilterMaskConfiguration      (abs)        000000
__size_of_CAN1_RX_FIFO_ResetInfo                    (abs)        000000
__size_of_CAN1_Receive                              (abs)        000000
__size_of_CAN1_ReceivedMessageCountGet              (abs)        000000
__size_of_CAN1_SetBusErrorInterruptHandler          (abs)        000000
__size_of_CAN1_SetBusWakeUpActivityInterruptHandler (abs)        000000
__size_of_CAN1_SetFIFO1NotEmptyHandler              (abs)        000000
[...]
		_DefaultSystemErrorHandler
		_DefaultTxAttemptHandler
 This function is called by:
		_INTERRUPT_InterruptManager
 This function uses a non-reentrant model


 *************** function _DefaultTxAttemptHandler *****************
 Defined at:
		line 144 in file "mcc_generated_files/can1.c"
 Parameters:    Size  Location     Type
		None
 Auto vars:     Size  Location     Type
		None
 Return value:  Size  Location     Type
                  1    wreg      void 
 Registers used:
		None
 Tracked objects:
		On entry : 
		On exit  : 
		Unchanged: 
 Data sizes:     COMRAM   BANK5   BANK6   BANK7   BANK8   BANK9  BANK10  BANK11  BANK12  BANK13  BANK14  BANK15  BANK16  BANK17  BANK18  BANK19  BANK20  BANK21  BANK22  BANK23  BANK24  BANK25  BANK26  BANK27  BANK28  BANK29  BANK30  BANK31  BANK32  BANK33  BANK34  BANK35  BANK36  BANK37
      Params:         0       0       0       0       0       0       0       0       0       0       0       0       0       0       0       0       0       0       0       0       0       0       0       0       0       0       0       0       0       0       0       0       0       0
      Locals:         0       0       0       0       0       0       0       0       0       0       0       0       0       0       0       0       0       0       0       0       0       0       0       0       0       0       0       0       0       0       0       0       0       0
      Temps:          0       0       0       0       0       0       0       0       0       0       0       0       0       0       0       0       0       0       0       0       0       0       0       0       0       0       0       0       0       0       0       0       0       0
      Totals:         0       0       0       0       0       0       0       0       0       0       0       0       0       0       0       0       0       0       0       0       0       0       0       0       0       0       0       0       0       0       0       0       0       0
Total ram usage:        0 bytes
 Hardware stack levels used:    1
 This function calls:
		Nothing
 This function is called by:
		_CAN1_ErrorNotificationInterruptEnable
		_CAN1_ISR
 This function uses a non-reentrant model


 *************** function _DefaultSystemErrorHandler *****************
 Defined at:
		line 140 in file "mcc_generated_files/can1.c"
 Parameters:    Size  Location     Type
		None
 Auto vars:     Size  Location     Type
		None
 Return value:  Size  Location     Type
                  1    wreg      void 
 Registers used:
		None
 Tracked objects:
		On entry : 
		On exit  : 
		Unchanged: 
 Data sizes:     COMRAM   BANK5   BANK6   BANK7   BANK8   BANK9  BANK10  BANK11  BANK12  BANK13  BANK14  BANK15  BANK16  BANK17  BANK18  BANK19  BANK20  BANK21  BANK22  BANK23  BANK24  BANK25  BANK26  BANK27  BANK28  BANK29  BANK30  BANK31  BANK32  BANK33  BANK34  BANK35  BANK36  BANK37
      Params:         0       0       0       0       0       0       0       0       0       0       0       0       0       0       0       0       0       0       0       0       0       0       0       0       0       0       0       0       0       0       0       0       0       0
      Locals:         0       0       0       0       0       0       0       0       0       0       0       0       0       0       0       0       0       0       0       0       0       0       0       0       0       0       0       0       0       0       0       0       0       0
      Temps:          0       0       0       0       0       0       0       0       0       0       0       0       0       0       0       0       0       0       0       0       0       0       0       0       0       0       0       0       0       0       0       0       0       0
      Totals:         0       0       0       0       0       0       0       0       0       0       0       0       0       0       0       0       0       0       0       0       0       0       0       0       0       0       0       0       0       0       0       0       0       0
Total ram usage:        0 bytes
 Hardware stack levels used:    1
 This function calls:
		Nothing
 This function is called by:
		_CAN1_ErrorNotificationInterruptEnable
		_CAN1_ISR
 This function uses a non-reentrant model


 *************** function _DefaultRxBufferOverflowHandler *****************
 Defined at:
		line 148 in file "mcc_generated_files/can1.c"
 Parameters:    Size  Location     Type
		None
 Auto vars:     Size  Location     Type
		None
 Return value:  Size  Location     Type
                  1    wreg      void 
 Registers used:
		None
 Tracked objects:
		On entry : 
		On exit  : 
		Unchanged: 
 Data sizes:     COMRAM   BANK5   BANK6   BANK7   BANK8   BANK9  BANK10  BANK11  BANK12  BANK13  BANK14  BANK15  BANK16  BANK17  BANK18  BANK19  BANK20  BANK21  BANK22  BANK23  BANK24  BANK25  BANK26  BANK27  BANK28  BANK29  BANK30  BANK31  BANK32  BANK33  BANK34  BANK35  BANK36  BANK37
      Params:         0       0       0       0       0       0       0       0       0       0       0       0       0       0       0       0       0       0       0       0       0       0       0       0       0       0       0       0       0       0       0       0       0       0
      Locals:         0       0       0       0       0       0       0       0       0       0       0       0       0       0       0       0       0       0       0       0       0       0       0       0       0       0       0       0       0       0       0       0       0       0
      Temps:          0       0       0       0       0       0       0       0       0       0       0       0       0       0       0       0       0       0       0       0       0       0       0       0       0       0       0       0       0       0       0       0       0       0
      Totals:         0       0       0       0       0       0       0       0       0       0       0       0       0       0       0       0       0       0       0       0       0       0       0       0       0       0       0       0       0       0       0       0       0       0
Total ram usage:        0 bytes
 Hardware stack levels used:    1
 This function calls:
		Nothing
 This function is called by:
		_CAN1_ErrorNotificationInterruptEnable
		_CAN1_ISR
 This function uses a non-reentrant model


 *************** function _DefaultModeChangeHandler *****************
 Defined at:
		line 136 in file "mcc_generated_files/can1.c"
 Parameters:    Size  Location     Type
		None
 Auto vars:     Size  Location     Type
		None
 Return value:  Size  Location     Type
                  1    wreg      void 
 Registers used:
		None
 Tracked objects:
		On entry : 
		On exit  : 
		Unchanged: 
 Data sizes:     COMRAM   BANK5   BANK6   BANK7   BANK8   BANK9  BANK10  BANK11  BANK12  BANK13  BANK14  BANK15  BANK16  BANK17  BANK18  BANK19  BANK20  BANK21  BANK22  BANK23  BANK24  BANK25  BANK26  BANK27  BANK28  BANK29  BANK30  BANK31  BANK32  BANK33  BANK34  BANK35  BANK36  BANK37
      Params:         0       0       0       0       0       0       0       0       0       0       0       0       0       0       0       0       0       0       0       0       0       0       0       0       0       0       0       0       0       0       0       0       0       0
      Locals:         0       0       0       0       0       0       0       0       0       0       0       0       0       0       0       0       0       0       0       0       0       0       0       0       0       0       0       0       0       0       0       0       0       0
      Temps:          0       0       0       0       0       0       0       0       0       0       0       0       0       0       0       0       0       0       0       0       0       0       0       0       0       0       0       0       0       0       0       0       0       0
      Totals:         0       0       0       0       0       0       0       0       0       0       0       0       0       0       0       0       0       0       0       0       0       0       0       0       0       0       0       0       0       0       0       0       0       0
Total ram usage:        0 bytes
 Hardware stack levels used:    1
 This function calls:
		Nothing
 This function is called by:
		_CAN1_ErrorNotificationInterruptEnable
		_CAN1_ISR
 This function uses a non-reentrant model


 *************** function _DefaultInvalidMessageHandler *****************
 Defined at:
		line 124 in file "mcc_generated_files/can1.c"
 Parameters:    Size  Location     Type
		None
 Auto vars:     Size  Location     Type
		None
 Return value:  Size  Location     Type
                  1    wreg      void 
 Registers used:
		None
 Tracked objects:
		On entry : 
		On exit  : 
		Unchanged: 
 Data sizes:     COMRAM   BANK5   BANK6   BANK7   BANK8   BANK9  BANK10  BANK11  BANK12  BANK13  BANK14  BANK15  BANK16  BANK17  BANK18  BANK19  BANK20  BANK21  BANK22  BANK23  BANK24  BANK25  BANK26  BANK27  BANK28  BANK29  BANK30  BANK31  BANK32  BANK33  BANK34  BANK35  BANK36  BANK37
      Params:         0       0       0       0       0       0       0       0       0       0       0       0       0       0       0       0       0       0       0       0       0       0       0       0       0       0       0       0       0       0       0       0       0       0
      Locals:         0       0       0       0       0       0       0       0       0       0       0       0       0       0       0       0       0       0       0       0       0       0       0       0       0       0       0       0       0       0       0       0       0       0
      Temps:          0       0       0       0       0       0       0       0       0       0       0       0       0       0       0       0       0       0       0       0       0       0       0       0       0       0       0       0       0       0       0       0       0       0
      Totals:         0       0       0       0       0       0       0       0       0       0       0       0       0       0       0       0       0       0       0       0       0       0       0       0       0       0       0       0       0       0       0       0       0       0
Total ram usage:        0 bytes
 Hardware stack levels used:    1
 This function calls:
		Nothing
 This function is called by:
		_CAN1_ErrorNotificationInterruptEnable
		_CAN1_ISR
 This function uses a non-reentrant model


 *************** function _DefaultBusWakeUpActivityHandler *****************
 Defined at:
		line 128 in file "mcc_generated_files/can1.c"
 Parameters:    Size  Location     Type
		None
 Auto vars:     Size  Location     Type
		None
 Return value:  Size  Location     Type
                  1    wreg      void 
 Registers used:
		None
 Tracked objects:
		On entry : 
		On exit  : 
		Unchanged: 
 Data sizes:     COMRAM   BANK5   BANK6   BANK7   BANK8   BANK9  BANK10  BANK11  BANK12  BANK13  BANK14  BANK15  BANK16  BANK17  BANK18  BANK19  BANK20  BANK21  BANK22  BANK23  BANK24  BANK25  BANK26  BANK27  BANK28  BANK29  BANK30  BANK31  BANK32  BANK33  BANK34  BANK35  BANK36  BANK37
      Params:         0       0       0       0       0       0       0       0       0       0       0       0       0       0       0       0       0       0       0       0       0       0       0       0       0       0       0       0       0       0       0       0       0       0
      Locals:         0       0       0       0       0       0       0       0       0       0       0       0       0       0       0       0       0       0       0       0       0       0       0       0       0       0       0       0       0       0       0       0       0       0
      Temps:          0       0       0       0       0       0       0       0       0       0       0       0       0       0       0       0       0       0       0       0       0       0       0       0       0       0       0       0       0       0       0       0       0       0
      Totals:         0       0       0       0       0       0       0       0       0       0       0       0       0       0       0       0       0       0       0       0       0       0       0       0       0       0       0       0       0       0       0       0       0       0
Total ram usage:        0 bytes
 Hardware stack levels used:    1
 This function calls:
		Nothing
 This function is called by:
		_CAN1_ErrorNotificationInterruptEnable
		_CAN1_ISR
 This function uses a non-reentrant model


 *************** function _DefaultBusErrorHandler *****************
 Defined at:
		line 132 in file "mcc_generated_files/can1.c"
 Parameters:    Size  Location     Type
		None
 Auto vars:     Size  Location     Type
		None
 Return value:  Size  Location     Type
                  1    wreg      void 
 Registers used:
		None
 Tracked objects:
		On entry : 
		On exit  : 
		Unchanged: 
 Data sizes:     COMRAM   BANK5   BANK6   BANK7   BANK8   BANK9  BANK10  BANK11  BANK12  BANK13  BANK14  BANK15  BANK16  BANK17  BANK18  BANK19  BANK20  BANK21  BANK22  BANK23  BANK24  BANK25  BANK26  BANK27  BANK28  BANK29  BANK30  BANK31  BANK32  BANK33  BANK34  BANK35  BANK36  BANK37
      Params:         0       0       0       0       0       0       0       0       0       0       0       0       0       0       0       0       0       0       0       0       0       0       0       0       0       0       0       0       0       0       0       0       0       0
      Locals:         0       0       0       0       0       0       0       0       0       0       0       0       0       0       0       0       0       0       0       0       0       0       0       0       0       0       0       0       0       0       0       0       0       0
      Temps:          0       0       0       0       0       0       0       0       0       0       0       0       0       0       0       0       0       0       0       0       0       0       0       0       0       0       0       0       0       0       0       0       0       0
      Totals:         0       0       0       0       0       0       0       0       0       0       0       0       0       0       0       0       0       0       0       0       0       0       0       0       0       0       0       0       0       0       0       0       0       0
Total ram usage:        0 bytes
 Hardware stack levels used:    1
 This function calls:
		Nothing
 This function is called by:
		_CAN1_ErrorNotificationInterruptEnable
		_CAN1_ISR
 This function uses a non-reentrant model



MODULE INFORMATION

Module		Function		Class		Link	Load	Size
mcc_generated_files/can1.c
		_ReadMessageFromFifo		CODE           	2854	0000	576
		_ValidateTransmission		CODE           	2E9A	0000	216
		_CAN1_IsTxErrorPassive		CODE           	3AF6	0000	22
		_DefaultFIFO1NotEmptyHandler		CODE           	3BCE	0000	6
		_CAN1_BitRateConfiguration		CODE           	3B36	0000	20
		_CAN1_SetTxAttemptInterruptHandler		CODE           	3B72	0000	10
		_Receive       		CODE           	2CD6	0000	236
		_CAN1_SetInvalidMessageInterruptHandler		CODE           	3B9A	0000	10
		_CAN1_TX_FIFO_Configuration		CODE           	3B22	0000	20
		_GetRxFifoDepth		CODE           	3A4A	0000	30
		_CAN1_ISR      		CODE           	2A94	0000	342
		_DefaultBusErrorHandler		CODE           	3BF0	0000	2
		_CAN1_OperationModeGet		CODE           	3B68	0000	10
		_CAN1_IsBusOff 		CODE           	3B0C	0000	22
		_CAN1_Initialize		CODE           	3636	0000	88
		_DefaultInvalidMessageHandler		CODE           	3BEC	0000	2
		_CAN1_SetFIFO1NotEmptyHandler		CODE           	3B5E	0000	10
		_DefaultBusWakeUpActivityHandler		CODE           	3BEE	0000	2
		_CAN1_TransmitFIFOStatusGet		CODE           	39BC	0000	40
		_CAN1_Transmit 		CODE           	33F2	0000	148
		_CAN1_RX_FIFO_FilterMaskConfiguration		CODE           	3A08	0000	34
		_CAN1_RX_FIFO_Configuration		CODE           	3918	0000	42
		_CAN1_IsTxErrorActive		CODE           	3A68	0000	26
		_GetRxFifoStatus		CODE           	3AB2	0000	24
		_CAN1_ReceivedMessageCountGet		CODE           	3110	0000	202
		_CAN1_SetBusErrorInterruptHandler		CODE           	3BAE	0000	10
		_CAN1_SetSystemErrorInterruptHandler		CODE           	3B7C	0000	10
		_DefaultSystemErrorHandler		CODE           	3BE6	0000	2
		_CAN1_IsTxErrorWarning		CODE           	3AE0	0000	22
		_isTxChannel   		CODE           	37B4	0000	62
		_GetTxFifoStatus		CODE           	3A9A	0000	24
		_WriteMessageToFifo		CODE           	260E	0000	582
		_DefaultRxBufferOverflowHandler		CODE           	3BE8	0000	2
		_CAN1_ErrorNotificationInterruptEnable		CODE           	3506	0000	122
		_CAN1_SetBusWakeUpActivityInterruptHandler		CODE           	3BA4	0000	10
		_CAN1_Receive  		CODE           	368E	0000	82
		_CAN1_SetRxBufferOverFlowInterruptHandler		CODE           	3B86	0000	10
		_CAN1_RX_FIFO_ResetInfo		CODE           	3860	0000	46
		_CAN1_OperationModeSet		CODE           	335A	0000	152
		_CAN1_SetModeChangeInterruptHandler		CODE           	3B90	0000	10
		_CAN1_RXI_ISR  		CODE           	3942	0000	42
		_DefaultTxAttemptHandler		CODE           	3BE4	0000	2
		_DefaultModeChangeHandler		CODE           	3BEA	0000	2

mcc_generated_files/can1.c estimated size: 3332

PARAMETERS.c
		_PARAMETERS_Init		CODE           	3BC2	0000	6

PARAMETERS.c estimated size: 6

TEMPORIZATIONS.c
		_TEMPORIZATION_1mins		CODE           	3BE0	0000	2
		_TEMPORIZATION_30mins		CODE           	3BDE	0000	2
		_TEMPORIZATION_15mins		CODE           	3BE2	0000	2
		_TEMPORIZATION_1s		CODE           	3046	0000	202
		_TEMPORIZATION_5s		CODE           	3BC8	0000	6

TEMPORIZATIONS.c estimated size: 214

MESSAGES.c
		_CANWriteMessage		CODE           	2DC2	0000	216
		_CANReadMessage		CODE           	2F72	0000	212
		_MESSSAGES_ASSIState		CODE           	2BEA	0000	236

MESSAGES.c estimated size: 664

mcc_generated_files/interrupt_manager.c
		_INTERRUPT_Initialize		CODE           	3BD4	0000	4
		_INTERRUPT_InterruptManager		CODE           	31DA	0000	198

mcc_generated_files/interrupt_manager.c estimated size: 202

mcc_generated_files/tmr0.c
		_TMR0_SetInterruptHandler		CODE           	3B54	0000	10
		_TMR0_DefaultInterruptHandler		CODE           	3BDC	0000	2
		_TMR0_CallBack 		CODE           	38EA	0000	46
		_TMR0_ISR      		CODE           	3486	0000	128
		_TMR0_Initialize		CODE           	396C	0000	40

mcc_generated_files/tmr0.c estimated size: 226

mcc_generated_files/pin_manager.c
		_PIN_MANAGER_Initialize		CODE           	3580	0000	92

mcc_generated_files/pin_manager.c estimated size: 92

SPEAKER.c
		_SPEAKER       		CODE           	39E4	0000	36

SPEAKER.c estimated size: 36

LEDS.c
		_LEDS          		CODE           	32A0	0000	186

LEDS.c estimated size: 186

shared
		_FIFO          		SMALLCONST     	0000	0000	0
		_DLC_BYTES     		SMALLCONST     	2601	0000	9
		__initialization		CODE           	36E0	0000	66
		i2_CAN1_OperationModeGet		CODE           	3BB8	0000	10

shared estimated size: 85

mcc_generated_files/mcc.c
		_PMD_Initialize		CODE           	3994	0000	40
		_OSCILLATOR_Initialize		CODE           	3A82	0000	24
		_SYSTEM_Initialize		CODE           	3A2A	0000	32

mcc_generated_files/mcc.c estimated size: 96

mcc_generated_files/tmr1.c
		_TMR1_Initialize		CODE           	3728	0000	72
		_TMR1_SetInterruptHandler		CODE           	3B4A	0000	10
		_TMR1_DefaultInterruptHandler		CODE           	3BDA	0000	2
		_TMR1_CallBack 		CODE           	38BC	0000	46
		_TMR1_WriteTimer		CODE           	388E	0000	46
		_TMR1_ISR      		CODE           	37F2	0000	58

mcc_generated_files/tmr1.c estimated size: 234

C:\Program Files\Microchip\xc8\v2.31\pic\sources\c99\common\memcpy.c
		_memcpy        		CODE           	35DC	0000	90

C:\Program Files\Microchip\xc8\v2.31\pic\sources\c99\common\memcpy.c estimated size: 90

mcc_generated_files/delay.c
		_DELAY_milliseconds		CODE           	382C	0000	52

mcc_generated_files/delay.c estimated size: 52

main.c
		_main          		CODE           	3ACA	0000	22
		_Init_hardware 		CODE           	3770	0000	68

main.c estimated size: 90

